// Jest Snapshot v1, https://goo.gl/fbAQLP

exports[`it works 1`] = `
.c0 {
  border-radius: 5px;
}

<button
  className="c0"
/>
`;
